Java HotSpot(TM) 64-Bit Server VM (25.211-b12) for bsd-amd64 JRE (1.8.0_211-b12), built on Apr  1 2019 20:53:18 by "java_re" with gcc 4.2.1 (Based on Apple Inc. build 5658) (LLVM build 2336.11.00)
Memory: 4k page, physical 16777216k(131196k free)

/proc/meminfo:

CommandLine flags: -XX:CompressedClassSpaceSize=528482304 -XX:G1HeapRegionSize=4194304 -XX:+HeapDumpOnOutOfMemoryError -XX:HeapDumpPath=/Users/liang.xu/git/Insight/build/Kylin-MDX-1.2.11/logs/heapdump.hprof -XX:InitialHeapSize=3221225472 -XX:MaxHeapSize=17179869184 -XX:MaxMetaspaceSize=536870912 -XX:+PrintGC -XX:+PrintGCDateStamps -XX:+PrintGCDetails -XX:+PrintGCTimeStamps -XX:+UseCompressedClassPointers -XX:+UseCompressedOops -XX:+UseG1GC
2021-03-12T14:29:47.438-0800: 0.933: [GC pause (G1 Evacuation Pause) (young), 0.0071450 secs]
   [Parallel Time: 5.1 ms, GC Workers: 10]
      [GC Worker Start (ms): Min: 933.6, Avg: 933.7, Max: 933.8, Diff: 0.1]
      [Ext Root Scanning (ms): Min: 0.1, Avg: 0.6, Max: 2.2, Diff: 2.2, Sum: 6.4]
      [Update RS (ms): Min: 0.0, Avg: 0.0, Max: 0.0, Diff: 0.0, Sum: 0.0]
         [Processed Buffers: Min: 0, Avg: 0.0, Max: 0, Diff: 0, Sum: 0]
      [Scan RS (ms): Min: 0.0, Avg: 0.0, Max: 0.0, Diff: 0.0, Sum: 0.0]
      [Code Root Scanning (ms): Min: 0.0, Avg: 0.1, Max: 0.8, Diff: 0.8, Sum: 1.4]
      [Object Copy (ms): Min: 2.2, Avg: 3.7, Max: 4.2, Diff: 2.0, Sum: 37.4]
      [Termination (ms): Min: 0.0, Avg: 0.4, Max: 0.6, Diff: 0.6, Sum: 4.3]
         [Termination Attempts: Min: 1, Avg: 2.6, Max: 4, Diff: 3, Sum: 26]
      [GC Worker Other (ms): Min: 0.0, Avg: 0.0, Max: 0.0, Diff: 0.0, Sum: 0.1]
      [GC Worker Total (ms): Min: 4.9, Avg: 5.0, Max: 5.0, Diff: 0.1, Sum: 49.8]
      [GC Worker End (ms): Min: 938.7, Avg: 938.7, Max: 938.7, Diff: 0.1]
   [Code Root Fixup: 0.0 ms]
   [Code Root Purge: 0.0 ms]
   [Clear CT: 0.2 ms]
   [Other: 1.8 ms]
      [Choose CSet: 0.0 ms]
      [Ref Proc: 1.0 ms]
      [Ref Enq: 0.0 ms]
      [Redirty Cards: 0.1 ms]
      [Humongous Register: 0.1 ms]
      [Humongous Reclaim: 0.0 ms]
      [Free CSet: 0.1 ms]
   [Eden: 152.0M(152.0M)->0.0B(168.0M) Survivors: 0.0B->4096.0K Heap: 152.0M(3072.0M)->3843.9K(3072.0M)]
 [Times: user=0.03 sys=0.01, real=0.01 secs]
2021-03-12T14:29:47.752-0800: 1.248: [GC pause (G1 Evacuation Pause) (young), 0.0055795 secs]
   [Parallel Time: 4.1 ms, GC Workers: 10]
      [GC Worker Start (ms): Min: 1247.7, Avg: 1247.8, Max: 1247.8, Diff: 0.1]
      [Ext Root Scanning (ms): Min: 0.1, Avg: 0.3, Max: 1.7, Diff: 1.7, Sum: 3.4]
      [Update RS (ms): Min: 0.0, Avg: 0.0, Max: 0.0, Diff: 0.0, Sum: 0.0]
         [Processed Buffers: Min: 0, Avg: 0.0, Max: 0, Diff: 0, Sum: 0]
      [Scan RS (ms): Min: 0.0, Avg: 0.0, Max: 0.0, Diff: 0.0, Sum: 0.0]
      [Code Root Scanning (ms): Min: 0.0, Avg: 0.2, Max: 1.4, Diff: 1.4, Sum: 1.6]
      [Object Copy (ms): Min: 2.1, Avg: 3.3, Max: 3.6, Diff: 1.5, Sum: 32.7]
      [Termination (ms): Min: 0.0, Avg: 0.1, Max: 0.1, Diff: 0.1, Sum: 0.6]
         [Termination Attempts: Min: 14, Avg: 34.6, Max: 54, Diff: 40, Sum: 346]
      [GC Worker Other (ms): Min: 0.0, Avg: 0.0, Max: 0.0, Diff: 0.0, Sum: 0.1]
      [GC Worker Total (ms): Min: 3.8, Avg: 3.9, Max: 3.9, Diff: 0.1, Sum: 38.5]
      [GC Worker End (ms): Min: 1251.6, Avg: 1251.6, Max: 1251.6, Diff: 0.0]
   [Code Root Fixup: 0.1 ms]
   [Code Root Purge: 0.0 ms]
   [Clear CT: 0.1 ms]
   [Other: 1.3 ms]
      [Choose CSet: 0.0 ms]
      [Ref Proc: 0.9 ms]
      [Ref Enq: 0.0 ms]
      [Redirty Cards: 0.1 ms]
      [Humongous Register: 0.0 ms]
      [Humongous Reclaim: 0.0 ms]
      [Free CSet: 0.1 ms]
   [Eden: 168.0M(168.0M)->0.0B(1832.0M) Survivors: 4096.0K->8192.0K Heap: 171.8M(3072.0M)->7512.8K(3072.0M)]
 [Times: user=0.04 sys=0.00, real=0.00 secs]
2021-03-12T14:29:48.165-0800: 1.661: [GC pause (Metadata GC Threshold) (young) (initial-mark), 0.0080288 secs]
   [Parallel Time: 6.3 ms, GC Workers: 10]
      [GC Worker Start (ms): Min: 1661.0, Avg: 1661.0, Max: 1661.1, Diff: 0.1]
      [Ext Root Scanning (ms): Min: 0.9, Avg: 1.0, Max: 1.2, Diff: 0.3, Sum: 10.0]
      [Update RS (ms): Min: 0.0, Avg: 0.0, Max: 0.0, Diff: 0.0, Sum: 0.0]
         [Processed Buffers: Min: 0, Avg: 0.0, Max: 0, Diff: 0, Sum: 0]
      [Scan RS (ms): Min: 0.0, Avg: 0.0, Max: 0.0, Diff: 0.0, Sum: 0.1]
      [Code Root Scanning (ms): Min: 0.0, Avg: 0.2, Max: 1.7, Diff: 1.7, Sum: 2.1]
      [Object Copy (ms): Min: 3.0, Avg: 4.5, Max: 5.2, Diff: 2.2, Sum: 45.4]
      [Termination (ms): Min: 0.0, Avg: 0.5, Max: 0.5, Diff: 0.5, Sum: 4.5]
         [Termination Attempts: Min: 2, Avg: 8.1, Max: 13, Diff: 11, Sum: 81]
      [GC Worker Other (ms): Min: 0.0, Avg: 0.0, Max: 0.0, Diff: 0.0, Sum: 0.1]
      [GC Worker Total (ms): Min: 6.2, Avg: 6.2, Max: 6.3, Diff: 0.1, Sum: 62.2]
      [GC Worker End (ms): Min: 1667.3, Avg: 1667.3, Max: 1667.3, Diff: 0.0]
   [Code Root Fixup: 0.1 ms]
   [Code Root Purge: 0.0 ms]
   [Clear CT: 0.1 ms]
   [Other: 1.5 ms]
      [Choose CSet: 0.0 ms]
      [Ref Proc: 1.1 ms]
      [Ref Enq: 0.0 ms]
      [Redirty Cards: 0.1 ms]
      [Humongous Register: 0.0 ms]
      [Humongous Reclaim: 0.0 ms]
      [Free CSet: 0.1 ms]
   [Eden: 236.0M(1832.0M)->0.0B(932.0M) Survivors: 8192.0K->12.0M Heap: 243.3M(3072.0M)->10071.8K(3072.0M)]
 [Times: user=0.06 sys=0.01, real=0.01 secs]
2021-03-12T14:29:48.173-0800: 1.669: [GC concurrent-root-region-scan-start]
2021-03-12T14:29:48.177-0800: 1.673: [GC concurrent-root-region-scan-end, 0.0034736 secs]
2021-03-12T14:29:48.177-0800: 1.673: [GC concurrent-mark-start]
2021-03-12T14:29:48.177-0800: 1.673: [GC concurrent-mark-end, 0.0003375 secs]
2021-03-12T14:29:48.177-0800: 1.673: [GC remark 2021-03-12T14:29:48.177-0800: 1.673: [Finalize Marking, 0.0004150 secs] 2021-03-12T14:29:48.178-0800: 1.673: [GC ref-proc, 0.0000844 secs] 2021-03-12T14:29:48.178-0800: 1.673: [Unloading, 0.0020642 secs], 0.0028176 secs]
 [Times: user=0.02 sys=0.00, real=0.01 secs]
2021-03-12T14:29:48.180-0800: 1.676: [GC cleanup 13M->13M(3072M), 0.0007360 secs]
 [Times: user=0.01 sys=0.00, real=0.00 secs]
